
Clover EFI installer log - Thu Jan 18 11:58:26 PST 2018
Installer version: v2.4k r4385 EFI bootloader
======================================================
/dev/disk0 (internal, physical):
   #:                       TYPE NAME                    SIZE       IDENTIFIER
   0:     FDisk_partition_scheme                        *500.1 GB   disk0
   1:               Windows_NTFS System Reserved         524.3 MB   disk0s1
   2:               Windows_NTFS Server                  499.6 GB   disk0s2

/dev/disk1 (internal, physical):
   #:                       TYPE NAME                    SIZE       IDENTIFIER
   0:      GUID_partition_scheme                        *1.0 TB     disk1
   1:                        EFI EFI                     209.7 MB   disk1s1
   2:                  Apple_HFS Boot                    999.3 GB   disk1s2
   3:                 Apple_Boot Recovery HD             650.0 MB   disk1s3

/dev/disk2 (internal, physical):
   #:                       TYPE NAME                    SIZE       IDENTIFIER
   0:      GUID_partition_scheme                        *1.0 TB     disk2
   1:                        EFI EFI                     209.7 MB   disk2s1
   2:                  Apple_HFS Seagate                 999.9 GB   disk2s2

======================================================
Backing up EFI files

Backing up stage2 file /Volumes/Boot/EFIROOTDIR/boot  to /Volumes/Boot/EFI-Backups/r4309/2018-01-18-11h58/boot
Backing up /Volumes/Boot/EFIROOTDIR/EFI folder to /Volumes/Boot/EFI-Backups/r4309/2018-01-18-11h58/EFI
No Active Partition

Stage 0 - Writting boot0ss to /dev/disk1
//usr/local/bin/fdisk440 -u -f //usr/standalone/i386/boot0ss -y /dev/disk1

Stage 1 - Writting boot1f32 to /dev/rdisk1s1
dd if=/dev/rdisk1s1 count=1 bs=512 of=/tmp/origbs
boot volume format is FAT32
cp /tmp/boot1f32 /tmp/newbs
dd if=/tmp/origbs of=/tmp/newbs skip=3 seek=3 bs=1 count=87 conv=notrunc
dd if=/tmp/newbs of=/dev/rdisk1s1

Stage 2 - Written boot6 (x64) to /Volumes/ESP/boot

======================================================
=========== Clover EFI Installation Finish ===========
======================================================
